[preview.colorlib.com/theme/satner/index.html]
[preview.colorlib.com/theme/satner/img/favicon.png]
[backblue.gif]
[fade.gif]
[index.html]
[preview.colorlib.com/theme/satner/css/bootstrap.css]
[preview.colorlib.com/theme/satner/vendors/linericon/style.css]
[preview.colorlib.com/theme/satner/css/font-awesome.min.css]
[preview.colorlib.com/theme/satner/vendors/owl-carousel/owl.carousel.min.css]
[preview.colorlib.com/theme/satner/css/magnific-popup.css]
[preview.colorlib.com/theme/satner/vendors/nice-select/css/nice-select.css]
[preview.colorlib.com/theme/satner/css/style.css]
[preview.colorlib.com/theme/satner/index-2.html]
[preview.colorlib.com/theme/satner/img/logo.png]
[preview.colorlib.com/theme/satner/about.html]
[preview.colorlib.com/theme/satner/services.html]
[preview.colorlib.com/theme/satner/portfolio.html]
[preview.colorlib.com/theme/satner/elements.html]
[preview.colorlib.com/theme/satner/portfolio-details.html]
[preview.colorlib.com/theme/satner/blog.html]
[preview.colorlib.com/theme/satner/single-blog.html]
[preview.colorlib.com/theme/satner/contact.html]
[preview.colorlib.com/theme/satner/img/banner/home-right.png]
[preview.colorlib.com/theme/satner/img/about-us.png]
[preview.colorlib.com/theme/satner/img/brands/logo1.png]
[preview.colorlib.com/theme/satner/img/brands/logo2.png]
[preview.colorlib.com/theme/satner/img/brands/logo3.png]
[preview.colorlib.com/theme/satner/img/brands/logo4.png]
[preview.colorlib.com/theme/satner/img/brands/logo5.png]
[preview.colorlib.com/theme/satner/img/brands/logo6.png]
[preview.colorlib.com/theme/satner/img/brands/logo7.png]
[preview.colorlib.com/theme/satner/img/brands/logo8.png]
[preview.colorlib.com/theme/satner/img/brands/logo9.png]
[preview.colorlib.com/theme/satner/img/services/s1.png]
[preview.colorlib.com/theme/satner/img/services/s2.png]
[preview.colorlib.com/theme/satner/img/services/s3.png]
[preview.colorlib.com/theme/satner/img/services/s4.png]
[preview.colorlib.com/theme/satner/img/portfolio/p1.jpg]
[preview.colorlib.com/theme/satner/img/portfolio/p2.jpg]
[preview.colorlib.com/theme/satner/img/portfolio/p3.jpg]
[preview.colorlib.com/theme/satner/img/portfolio/p4.jpg]
[preview.colorlib.com/theme/satner/img/portfolio/p6.jpg]
[preview.colorlib.com/theme/satner/img/portfolio/p5.jpg]
[preview.colorlib.com/theme/satner/img/portfolio/p7.jpg]
[preview.colorlib.com/theme/satner/img/portfolio/p8.jpg]
[preview.colorlib.com/theme/satner/img/portfolio/p9.jpg]
[preview.colorlib.com/theme/satner/img/testimonials/t1.jpg]
[preview.colorlib.com/theme/satner/img/testimonials/t2.jpg]
[preview.colorlib.com/theme/satner/js/jquery-3.2.1.min.js]
[preview.colorlib.com/theme/satner/js/popper.js]
[preview.colorlib.com/theme/satner/js/bootstrap.min.js]
[preview.colorlib.com/theme/satner/js/stellar.js]
[preview.colorlib.com/theme/satner/js/jquery.magnific-popup.min.js]
[preview.colorlib.com/theme/satner/vendors/nice-select/js/jquery.nice-select.min.js]
[preview.colorlib.com/theme/satner/vendors/isotope/imagesloaded.pkgd.min.js]
[preview.colorlib.com/theme/satner/vendors/isotope/isotope-min.js]
[preview.colorlib.com/theme/satner/vendors/owl-carousel/owl.carousel.min.js]
[preview.colorlib.com/theme/satner/js/jquery.ajaxchimp.min.js]
[preview.colorlib.com/theme/satner/js/mail-script.js]
[preview.colorlib.com/theme/satner/js/gmaps.min.js]
[preview.colorlib.com/theme/satner/index.html]
[preview.colorlib.com/theme/satner/css/bootstrap.css]
[preview.colorlib.com/theme/satner/js/theme.js]
[preview.colorlib.com/theme/satner/vendors/linericon/fonts/Linearicons-Free54e9.eot]
[preview.colorlib.com/theme/satner/vendors/linericon/fonts/Linearicons-Freed41d.eot]
[preview.colorlib.com/theme/satner/vendors/linericon/fonts/Linearicons-Free54e9.woff2]
[preview.colorlib.com/theme/satner/vendors/linericon/fonts/Linearicons-Free54e9.woff]
[preview.colorlib.com/theme/satner/vendors/linericon/fonts/Linearicons-Free54e9.ttf]
[preview.colorlib.com/theme/satner/vendors/linericon/style.css]
[preview.colorlib.com/theme/satner/vendors/linericon/fonts/Linearicons-Free54e9.svg]
[preview.colorlib.com/theme/satner/fonts/fontawesome-webfont3295.eot]
[preview.colorlib.com/theme/satner/fonts/fontawesome-webfontd41d.eot]
[preview.colorlib.com/theme/satner/fonts/fontawesome-webfont3295.woff2]
[preview.colorlib.com/theme/satner/fonts/fontawesome-webfont3295.woff]
[preview.colorlib.com/theme/satner/fonts/fontawesome-webfont3295.ttf]
[preview.colorlib.com/theme/satner/css/font-awesome.min.css]
[preview.colorlib.com/theme/satner/fonts/fontawesome-webfont3295.svg]
[preview.colorlib.com/theme/satner/vendors/owl-carousel/owl.video.play.png]
[preview.colorlib.com/theme/satner/vendors/owl-carousel/owl.carousel.min.css]
[preview.colorlib.com/theme/satner/css/magnific-popup.css]
[preview.colorlib.com/theme/satner/vendors/nice-select/css/nice-select.css]
[preview.colorlib.com/theme/satner/img/body-bg.png]
[preview.colorlib.com/theme/satner/img/banner/home-banner.png]
[preview.colorlib.com/theme/satner/img/banner/common-banner.png]
[preview.colorlib.com/theme/satner/img/elements/primary-check.png]
[preview.colorlib.com/theme/satner/img/elements/success-check.png]
[preview.colorlib.com/theme/satner/img/elements/disabled-check.png]
[preview.colorlib.com/theme/satner/img/elements/primary-radio.png]
[preview.colorlib.com/theme/satner/img/elements/success-radio.png]
[preview.colorlib.com/theme/satner/img/elements/disabled-radio.png]
[preview.colorlib.com/theme/satner/img/client-info-bg.png]
[preview.colorlib.com/theme/satner/img/subscribe-bg.png]
[preview.colorlib.com/theme/satner/css/style.css]
[preview.colorlib.com/cdn-cgi/zaraz/sd0d9.js]
[preview.colorlib.com/theme/satner/index-2.html]
[preview.colorlib.com/theme/satner/about.html]
[preview.colorlib.com/theme/satner/services.html]
[preview.colorlib.com/theme/satner/portfolio.html]
[preview.colorlib.com/theme/satner/img/elements/d.jpg]
[preview.colorlib.com/theme/satner/img/elements/f1.jpg]
[preview.colorlib.com/theme/satner/img/elements/f2.jpg]
[preview.colorlib.com/theme/satner/img/elements/f3.jpg]
[preview.colorlib.com/theme/satner/img/elements/f4.jpg]
[preview.colorlib.com/theme/satner/img/elements/f5.jpg]
[preview.colorlib.com/theme/satner/img/elements/f6.jpg]
[preview.colorlib.com/theme/satner/img/elements/f7.jpg]
[preview.colorlib.com/theme/satner/img/elements/f8.jpg]
[preview.colorlib.com/theme/satner/img/elements/g1.jpg]
[preview.colorlib.com/theme/satner/img/elements/g2.jpg]
[preview.colorlib.com/theme/satner/img/elements/g3.jpg]
[preview.colorlib.com/theme/satner/img/elements/g4.jpg]
[preview.colorlib.com/theme/satner/img/elements/g5.jpg]
[preview.colorlib.com/theme/satner/img/elements/g6.jpg]
[preview.colorlib.com/theme/satner/img/elements/g7.jpg]
[preview.colorlib.com/theme/satner/img/elements/g8.jpg]
[preview.colorlib.com/theme/satner/elements.html]
[preview.colorlib.com/theme/satner/vendors/lightbox/simpleLightbox.min.js]
[preview.colorlib.com/theme/satner/img/portfolio/portfolio-details.jpg]
[preview.colorlib.com/theme/satner/portfolio-details.html]
[preview.colorlib.com/theme/satner/img/blog/cat-post/cat-post-3.jpg]
[preview.colorlib.com/theme/satner/img/blog/cat-post/cat-post-2.jpg]
[preview.colorlib.com/theme/satner/img/blog/cat-post/cat-post-1.jpg]
[preview.colorlib.com/theme/satner/img/blog/main-blog/m-blog-1.jpg]
[preview.colorlib.com/theme/satner/img/blog/main-blog/m-blog-2.jpg]
[preview.colorlib.com/theme/satner/img/blog/main-blog/m-blog-3.jpg]
[preview.colorlib.com/theme/satner/img/blog/main-blog/m-blog-4.jpg]
[preview.colorlib.com/theme/satner/img/blog/main-blog/m-blog-5.jpg]
[preview.colorlib.com/theme/satner/img/blog/author.png]
[preview.colorlib.com/theme/satner/img/blog/popular-post/post1.jpg]
[preview.colorlib.com/theme/satner/img/blog/popular-post/post2.jpg]
[preview.colorlib.com/theme/satner/img/blog/popular-post/post3.jpg]
[preview.colorlib.com/theme/satner/img/blog/popular-post/post4.jpg]
[preview.colorlib.com/theme/satner/img/blog/add.jpg]
[preview.colorlib.com/theme/satner/blog.html]
[preview.colorlib.com/theme/satner/img/blog/feature-img1.jpg]
[preview.colorlib.com/theme/satner/img/blog/post-img1.jpg]
[preview.colorlib.com/theme/satner/img/blog/post-img2.jpg]
[preview.colorlib.com/theme/satner/img/blog/prev.jpg]
[preview.colorlib.com/theme/satner/img/blog/next.jpg]
[preview.colorlib.com/theme/satner/img/blog/c1.jpg]
[preview.colorlib.com/theme/satner/img/blog/c2.jpg]
[preview.colorlib.com/theme/satner/img/blog/c3.jpg]
[preview.colorlib.com/theme/satner/img/blog/c4.jpg]
[preview.colorlib.com/theme/satner/img/blog/c5.jpg]
[preview.colorlib.com/theme/satner/blog-details.html]
[preview.colorlib.com/theme/satner/single-blog.html]
[preview.colorlib.com/theme/satner/contact.html]
[preview.colorlib.com/theme/satner/vendors/linericon/fonts/Linearicons-Free54e9.svg]
[preview.colorlib.com/theme/satner/fonts/fontawesome-webfont3295.svg]
[preview.colorlib.com/theme/satner/vendors/owl-carousel/owl.video.play.html]
[preview.colorlib.com/theme/satner/blog-details.html]
[preview.colorlib.com/cdn-cgi/scripts/5c5dd728/cloudflare-static/email-decode.min.js]
